WARNING  conftest:conftest.py:28 Tests did not pass, skipping Allure report generation.
